src/layout/MainLayout.tsx(6,5): error TS2305: Module '"lucide-react"' has no exported member 'Tool'.
src/layout/MainLayout.tsx(6,5): error TS6133: 'Tool' is declared but its value is never read.
src/layout/MainLayout.tsx(7,20): error TS6133: 'Hash' is declared but its value is never read.
src/pages/Home.tsx(3,25): error TS6133: 'CheckCircle' is declared but its value is never read.
